// Jest Snapshot v1, https://goo.gl/fbAQLP

exports[`OverpassResult.spec.js has the expected html structure 1`] = `<textarea />`;
